19:49:44 **** Incremental Build of configuration Debug for project carSW ****
make -j4 all 
arm-none-eabi-gcc "../Core/Src/main.c" -mcpu=cortex-m4 -std=gnu11 -g3 -DDEBUG -DUSE_HAL_DRIVER -DSTM32F401xE -c -I../Core/Inc -I../Drivers/STM32F4xx_HAL_Driver/Inc -I../Drivers/STM32F4xx_HAL_Driver/Inc/Legacy -I../Drivers/CMSIS/Device/ST/STM32F4xx/Include -I../Drivers/CMSIS/Include -I../Middlewares/Third_Party/FreeRTOS/Source/include -I../Middlewares/Third_Party/FreeRTOS/Source/CMSIS_RTOS_V2 -I../Middlewares/Third_Party/FreeRTOS/Source/portable/GCC/ARM_CM4F -O0 -ffunction-sections -fdata-sections -Wall -fstack-usage -fcyclomatic-complexity -MMD -MP -MF"Core/Src/main.d" -MT"Core/Src/main.o" --specs=nano.specs -mfpu=fpv4-sp-d16 -mfloat-abi=hard -mthumb -o "Core/Src/main.o"
arm-none-eabi-gcc -o "carSW.elf" @"objects.list"   -mcpu=cortex-m4 -T"D:\carSW\carSW\STM32F401RETX_FLASH.ld" --specs=nosys.specs -Wl,-Map="carSW.map" -Wl,--gc-sections -static --specs=nano.specs -mfpu=fpv4-sp-d16 -mfloat-abi=hard -mthumb -Wl,--start-group -lc -lm -Wl,--end-group
Finished building target: carSW.elf
 
arm-none-eabi-size  carSW.elf 
arm-none-eabi-objdump -h -S carSW.elf  > "carSW.list"
   text	   data	    bss	    dec	    hex	filename
  19012	     96	  20888	  39996	   9c3c	carSW.elf
Finished building: default.size.stdout
 
Finished building: carSW.list
 
19:49:49 **** Incremental Build of configuration Debug for project carSW ****
make -j4 all 
arm-none-eabi-size  carSW.elf 
   text	   data	    bss	    dec	    hex	filename
  19012	     96	  20888	  39996	   9c3c	carSW.elf
Finished building: default.size.stdout
 
