20:44:42 **** Incremental Build of configuration Debug for project carSW ****
make -j4 all 
arm-none-eabi-size  carSW.elf 
   text	   data	    bss	    dec	    hex	filename
  22164	     96	  20960	  43220	   a8d4	carSW.elf
Finished building: default.size.stdout
 
20:44:47 **** Incremental Build of configuration Debug for project carSW ****
make -j4 all 
arm-none-eabi-size  carSW.elf 
   text	   data	    bss	    dec	    hex	filename
  22164	     96	  20960	  43220	   a8d4	carSW.elf
Finished building: default.size.stdout
 
